Copyright 1986-2018 Xilinx, Inc. All Rights Reserved.
-------------------------------------------------------------------------------------
| Tool Version : Vivado v.2018.3 (win64) Build 2405991 Thu Dec  6 23:38:27 MST 2018
| Date         : Mon Apr 22 12:25:49 2024
| Host         : DESKTOP-DO77H1P running 64-bit major release  (build 9200)
| Command      : report_control_sets -verbose -file test_env_control_sets_placed.rpt
| Design       : test_env
| Device       : xc7a100t
-------------------------------------------------------------------------------------

Control Set Information

Table of Contents
-----------------
1. Summary
2. Histogram
3. Flip-Flop Distribution
4. Detailed Control Set Information

1. Summary
----------

+----------------------------------------------------------+-------+
|                          Status                          | Count |
+----------------------------------------------------------+-------+
| Number of unique control sets                            |     5 |
| Unused register locations in slices containing registers |     9 |
+----------------------------------------------------------+-------+


2. Histogram
------------

+--------+--------------+
| Fanout | Control Sets |
+--------+--------------+
|      2 |            1 |
|    16+ |            4 |
+--------+--------------+


3. Flip-Flop Distribution
-------------------------

+--------------+-----------------------+------------------------+-----------------+--------------+
| Clock Enable | Synchronous Set/Reset | Asynchronous Set/Reset | Total Registers | Total Slices |
+--------------+-----------------------+------------------------+-----------------+--------------+
| No           | No                    | No                     |              38 |           12 |
| No           | No                    | Yes                    |               0 |            0 |
| No           | Yes                   | No                     |               0 |            0 |
| Yes          | No                    | No                     |               2 |            2 |
| Yes          | No                    | Yes                    |              31 |           10 |
| Yes          | Yes                   | No                     |               0 |            0 |
+--------------+-----------------------+------------------------+-----------------+--------------+


4. Detailed Control Set Information
-----------------------------------

+----------------+-------------------+--------------------+------------------+----------------+
|  Clock Signal  |   Enable Signal   |  Set/Reset Signal  | Slice Load Count | Bel Load Count |
+----------------+-------------------+--------------------+------------------+----------------+
|  clk_IBUF_BUFG | monomimpulse/en   |                    |                2 |              2 |
|  clk_IBUF_BUFG | monomimpulse/E[0] | monoimpulse1/AR[0] |               10 |             31 |
|  clk_IBUF_BUFG |                   |                    |               12 |             38 |
|  clk_IBUF_BUFG | instr/p_0_in      |                    |               11 |             44 |
|  clk_IBUF_BUFG | instr/p_1_in      |                    |               12 |             96 |
+----------------+-------------------+--------------------+------------------+----------------+


